[0.202s] DEBUG:colcon:Command line arguments: ['/usr/bin/colcon', 'list', '--base-paths', '/home/traskos/ws_examples/install/..']
[0.202s] DEBUG:colcon:Parsed command line arguments: Namespace(log_base=None, log_level=None, verb_name='list', build_base='build', ignore_user_meta=False, metas=['./colcon.meta'], base_paths=['/home/traskos/ws_examples/install/..'], packages_ignore=None, packages_ignore_regex=None, paths=None, packages_up_to=None, packages_up_to_regex=None, packages_above=None, packages_above_and_dependencies=None, packages_above_depth=None, packages_select_by_dep=None, packages_skip_by_dep=None, packages_skip_up_to=None, packages_select_build_failed=False, packages_skip_build_finished=False, packages_select_test_failures=False, packages_skip_test_passed=False, packages_select=None, packages_skip=None, packages_select_regex=None, packages_skip_regex=None, packages_start=None, packages_end=None, allow_overriding=[], topological_order=False, names_only=False, paths_only=False, topological_graph=False, topological_graph_dot=False, topological_graph_density=False, topological_graph_legend=False, topological_graph_dot_cluster=False, topological_graph_dot_include_skipped=False, mixin_files=None, mixin=None, verb_parser=<colcon_mixin.mixin.mixin_argument.MixinArgumentDecorator object at 0x71a9959c1e20>, verb_extension=<colcon_package_information.verb.list.ListVerb object at 0x71a99593f020>, main=<bound method ListVerb.main of <colcon_package_information.verb.list.ListVerb object at 0x71a99593f020>>, mixin_verb=('list',))
[0.256s] Level 1:colcon.colcon_core.package_discovery:discover_packages(colcon_meta) check parameters
[0.257s] Level 1:colcon.colcon_core.package_discovery:discover_packages(recursive) check parameters
[0.257s] Level 1:colcon.colcon_core.package_discovery:discover_packages(ignore) check parameters
[0.257s] Level 1:colcon.colcon_core.package_discovery:discover_packages(path) check parameters
[0.257s] Level 1:colcon.colcon_core.package_discovery:discover_packages(recursive) discover
[0.257s] INFO:colcon.colcon_core.package_discovery:Crawling recursively for packages in '/home/traskos/ws_examples'
[0.257s] Level 1:colcon.colcon_core.package_identification:_identify(/home/traskos/ws_examples/install/..) by extensions ['ignore', 'ignore_ament_install']
[0.257s] Level 1:colcon.colcon_core.package_identification:_identify(/home/traskos/ws_examples/install/..) by extension 'ignore'
[0.257s] Level 1:colcon.colcon_core.package_identification:_identify(/home/traskos/ws_examples/install/..) by extension 'ignore_ament_install'
[0.257s] Level 1:colcon.colcon_core.package_identification:_identify(/home/traskos/ws_examples/install/..) by extensions ['colcon_pkg']
[0.257s] Level 1:colcon.colcon_core.package_identification:_identify(/home/traskos/ws_examples/install/..) by extension 'colcon_pkg'
[0.257s] Level 1:colcon.colcon_core.package_identification:_identify(/home/traskos/ws_examples/install/..) by extensions ['colcon_meta']
[0.257s] Level 1:colcon.colcon_core.package_identification:_identify(/home/traskos/ws_examples/install/..) by extension 'colcon_meta'
[0.257s] Level 1:colcon.colcon_core.package_identification:_identify(/home/traskos/ws_examples/install/..) by extensions ['ros']
[0.257s] Level 1:colcon.colcon_core.package_identification:_identify(/home/traskos/ws_examples/install/..) by extension 'ros'
[0.282s] Level 1:colcon.colcon_core.package_identification:_identify(/home/traskos/ws_examples/install/..) by extensions ['cmake', 'python']
[0.282s] Level 1:colcon.colcon_core.package_identification:_identify(/home/traskos/ws_examples/install/..) by extension 'cmake'
[0.282s] Level 1:colcon.colcon_core.package_identification:_identify(/home/traskos/ws_examples/install/..) by extension 'python'
[0.282s] Level 1:colcon.colcon_core.package_identification:_identify(/home/traskos/ws_examples/install/..) by extensions ['python_setup_py']
[0.282s] Level 1:colcon.colcon_core.package_identification:_identify(/home/traskos/ws_examples/install/..) by extension 'python_setup_py'
[0.282s] Level 1:colcon.colcon_core.package_identification:_identify(/home/traskos/ws_examples/install/../build) by extensions ['ignore', 'ignore_ament_install']
[0.282s] Level 1:colcon.colcon_core.package_identification:_identify(/home/traskos/ws_examples/install/../build) by extension 'ignore'
[0.282s] Level 1:colcon.colcon_core.package_identification:_identify(/home/traskos/ws_examples/install/../build) ignored
[0.282s] Level 1:colcon.colcon_core.package_identification:_identify(/home/traskos/ws_examples/install/../install) by extensions ['ignore', 'ignore_ament_install']
[0.282s] Level 1:colcon.colcon_core.package_identification:_identify(/home/traskos/ws_examples/install/../install) by extension 'ignore'
[0.282s] Level 1:colcon.colcon_core.package_identification:_identify(/home/traskos/ws_examples/install/../install) ignored
[0.283s] Level 1:colcon.colcon_core.package_identification:_identify(/home/traskos/ws_examples/install/../log) by extensions ['ignore', 'ignore_ament_install']
[0.283s] Level 1:colcon.colcon_core.package_identification:_identify(/home/traskos/ws_examples/install/../log) by extension 'ignore'
[0.283s] Level 1:colcon.colcon_core.package_identification:_identify(/home/traskos/ws_examples/install/../log) ignored
[0.283s] Level 1:colcon.colcon_core.package_identification:_identify(/home/traskos/ws_examples/install/../src) by extensions ['ignore', 'ignore_ament_install']
[0.283s] Level 1:colcon.colcon_core.package_identification:_identify(/home/traskos/ws_examples/install/../src) by extension 'ignore'
[0.283s] Level 1:colcon.colcon_core.package_identification:_identify(/home/traskos/ws_examples/install/../src) by extension 'ignore_ament_install'
[0.283s] Level 1:colcon.colcon_core.package_identification:_identify(/home/traskos/ws_examples/install/../src) by extensions ['colcon_pkg']
[0.283s] Level 1:colcon.colcon_core.package_identification:_identify(/home/traskos/ws_examples/install/../src) by extension 'colcon_pkg'
[0.283s] Level 1:colcon.colcon_core.package_identification:_identify(/home/traskos/ws_examples/install/../src) by extensions ['colcon_meta']
[0.283s] Level 1:colcon.colcon_core.package_identification:_identify(/home/traskos/ws_examples/install/../src) by extension 'colcon_meta'
[0.283s] Level 1:colcon.colcon_core.package_identification:_identify(/home/traskos/ws_examples/install/../src) by extensions ['ros']
[0.283s] Level 1:colcon.colcon_core.package_identification:_identify(/home/traskos/ws_examples/install/../src) by extension 'ros'
[0.283s] Level 1:colcon.colcon_core.package_identification:_identify(/home/traskos/ws_examples/install/../src) by extensions ['cmake', 'python']
[0.283s] Level 1:colcon.colcon_core.package_identification:_identify(/home/traskos/ws_examples/install/../src) by extension 'cmake'
[0.283s] Level 1:colcon.colcon_core.package_identification:_identify(/home/traskos/ws_examples/install/../src) by extension 'python'
[0.283s] Level 1:colcon.colcon_core.package_identification:_identify(/home/traskos/ws_examples/install/../src) by extensions ['python_setup_py']
[0.283s] Level 1:colcon.colcon_core.package_identification:_identify(/home/traskos/ws_examples/install/../src) by extension 'python_setup_py'
[0.283s] Level 1:colcon.colcon_core.package_identification:_identify(/home/traskos/ws_examples/install/../src/ROS-TCP-Endpoint) by extensions ['ignore', 'ignore_ament_install']
[0.283s] Level 1:colcon.colcon_core.package_identification:_identify(/home/traskos/ws_examples/install/../src/ROS-TCP-Endpoint) by extension 'ignore'
[0.283s] Level 1:colcon.colcon_core.package_identification:_identify(/home/traskos/ws_examples/install/../src/ROS-TCP-Endpoint) by extension 'ignore_ament_install'
[0.284s] Level 1:colcon.colcon_core.package_identification:_identify(/home/traskos/ws_examples/install/../src/ROS-TCP-Endpoint) by extensions ['colcon_pkg']
[0.284s] Level 1:colcon.colcon_core.package_identification:_identify(/home/traskos/ws_examples/install/../src/ROS-TCP-Endpoint) by extension 'colcon_pkg'
[0.284s] Level 1:colcon.colcon_core.package_identification:_identify(/home/traskos/ws_examples/install/../src/ROS-TCP-Endpoint) by extensions ['colcon_meta']
[0.284s] Level 1:colcon.colcon_core.package_identification:_identify(/home/traskos/ws_examples/install/../src/ROS-TCP-Endpoint) by extension 'colcon_meta'
[0.284s] Level 1:colcon.colcon_core.package_identification:_identify(/home/traskos/ws_examples/install/../src/ROS-TCP-Endpoint) by extensions ['ros']
[0.284s] Level 1:colcon.colcon_core.package_identification:_identify(/home/traskos/ws_examples/install/../src/ROS-TCP-Endpoint) by extension 'ros'
[0.286s] DEBUG:colcon.colcon_core.package_identification:Package '/home/traskos/ws_examples/install/../src/ROS-TCP-Endpoint' with type 'ros.ament_python' and name 'ros_tcp_endpoint'
[0.286s] Level 1:colcon.colcon_core.package_identification:_identify(/home/traskos/ws_examples/install/../src/build) by extensions ['ignore', 'ignore_ament_install']
[0.286s] Level 1:colcon.colcon_core.package_identification:_identify(/home/traskos/ws_examples/install/../src/build) by extension 'ignore'
[0.286s] Level 1:colcon.colcon_core.package_identification:_identify(/home/traskos/ws_examples/install/../src/build) by extension 'ignore_ament_install'
[0.286s] Level 1:colcon.colcon_core.package_identification:_identify(/home/traskos/ws_examples/install/../src/build) by extensions ['colcon_pkg']
[0.287s] Level 1:colcon.colcon_core.package_identification:_identify(/home/traskos/ws_examples/install/../src/build) by extension 'colcon_pkg'
[0.287s] Level 1:colcon.colcon_core.package_identification:_identify(/home/traskos/ws_examples/install/../src/build) by extensions ['colcon_meta']
[0.287s] Level 1:colcon.colcon_core.package_identification:_identify(/home/traskos/ws_examples/install/../src/build) by extension 'colcon_meta'
[0.287s] Level 1:colcon.colcon_core.package_identification:_identify(/home/traskos/ws_examples/install/../src/build) by extensions ['ros']
[0.287s] Level 1:colcon.colcon_core.package_identification:_identify(/home/traskos/ws_examples/install/../src/build) by extension 'ros'
[0.287s] Level 1:colcon.colcon_core.package_identification:_identify(/home/traskos/ws_examples/install/../src/build) ignored
[0.287s] Level 1:colcon.colcon_core.package_identification:_identify(/home/traskos/ws_examples/install/../src/component_examples) by extensions ['ignore', 'ignore_ament_install']
[0.287s] Level 1:colcon.colcon_core.package_identification:_identify(/home/traskos/ws_examples/install/../src/component_examples) by extension 'ignore'
[0.287s] Level 1:colcon.colcon_core.package_identification:_identify(/home/traskos/ws_examples/install/../src/component_examples) by extension 'ignore_ament_install'
[0.287s] Level 1:colcon.colcon_core.package_identification:_identify(/home/traskos/ws_examples/install/../src/component_examples) by extensions ['colcon_pkg']
[0.287s] Level 1:colcon.colcon_core.package_identification:_identify(/home/traskos/ws_examples/install/../src/component_examples) by extension 'colcon_pkg'
[0.287s] Level 1:colcon.colcon_core.package_identification:_identify(/home/traskos/ws_examples/install/../src/component_examples) by extensions ['colcon_meta']
[0.287s] Level 1:colcon.colcon_core.package_identification:_identify(/home/traskos/ws_examples/install/../src/component_examples) by extension 'colcon_meta'
[0.287s] Level 1:colcon.colcon_core.package_identification:_identify(/home/traskos/ws_examples/install/../src/component_examples) by extensions ['ros']
[0.287s] Level 1:colcon.colcon_core.package_identification:_identify(/home/traskos/ws_examples/install/../src/component_examples) by extension 'ros'
[0.288s] DEBUG:colcon.colcon_core.package_identification:Package '/home/traskos/ws_examples/install/../src/component_examples' with type 'ros.ament_cmake' and name 'component_examples'
[0.288s] Level 1:colcon.colcon_core.package_identification:_identify(/home/traskos/ws_examples/install/../src/cpp_pubsub) by extensions ['ignore', 'ignore_ament_install']
[0.288s] Level 1:colcon.colcon_core.package_identification:_identify(/home/traskos/ws_examples/install/../src/cpp_pubsub) by extension 'ignore'
[0.288s] Level 1:colcon.colcon_core.package_identification:_identify(/home/traskos/ws_examples/install/../src/cpp_pubsub) by extension 'ignore_ament_install'
[0.288s] Level 1:colcon.colcon_core.package_identification:_identify(/home/traskos/ws_examples/install/../src/cpp_pubsub) by extensions ['colcon_pkg']
[0.288s] Level 1:colcon.colcon_core.package_identification:_identify(/home/traskos/ws_examples/install/../src/cpp_pubsub) by extension 'colcon_pkg'
[0.288s] Level 1:colcon.colcon_core.package_identification:_identify(/home/traskos/ws_examples/install/../src/cpp_pubsub) by extensions ['colcon_meta']
[0.288s] Level 1:colcon.colcon_core.package_identification:_identify(/home/traskos/ws_examples/install/../src/cpp_pubsub) by extension 'colcon_meta'
[0.288s] Level 1:colcon.colcon_core.package_identification:_identify(/home/traskos/ws_examples/install/../src/cpp_pubsub) by extensions ['ros']
[0.288s] Level 1:colcon.colcon_core.package_identification:_identify(/home/traskos/ws_examples/install/../src/cpp_pubsub) by extension 'ros'
[0.289s] DEBUG:colcon.colcon_core.package_identification:Package '/home/traskos/ws_examples/install/../src/cpp_pubsub' with type 'ros.ament_cmake' and name 'cpp_pubsub'
[0.289s] Level 1:colcon.colcon_core.package_identification:_identify(/home/traskos/ws_examples/install/../src/cpp_srvcli) by extensions ['ignore', 'ignore_ament_install']
[0.289s] Level 1:colcon.colcon_core.package_identification:_identify(/home/traskos/ws_examples/install/../src/cpp_srvcli) by extension 'ignore'
[0.290s] Level 1:colcon.colcon_core.package_identification:_identify(/home/traskos/ws_examples/install/../src/cpp_srvcli) by extension 'ignore_ament_install'
[0.290s] Level 1:colcon.colcon_core.package_identification:_identify(/home/traskos/ws_examples/install/../src/cpp_srvcli) by extensions ['colcon_pkg']
[0.290s] Level 1:colcon.colcon_core.package_identification:_identify(/home/traskos/ws_examples/install/../src/cpp_srvcli) by extension 'colcon_pkg'
[0.290s] Level 1:colcon.colcon_core.package_identification:_identify(/home/traskos/ws_examples/install/../src/cpp_srvcli) by extensions ['colcon_meta']
[0.290s] Level 1:colcon.colcon_core.package_identification:_identify(/home/traskos/ws_examples/install/../src/cpp_srvcli) by extension 'colcon_meta'
[0.290s] Level 1:colcon.colcon_core.package_identification:_identify(/home/traskos/ws_examples/install/../src/cpp_srvcli) by extensions ['ros']
[0.290s] Level 1:colcon.colcon_core.package_identification:_identify(/home/traskos/ws_examples/install/../src/cpp_srvcli) by extension 'ros'
[0.290s] DEBUG:colcon.colcon_core.package_identification:Package '/home/traskos/ws_examples/install/../src/cpp_srvcli' with type 'ros.ament_cmake' and name 'cpp_srvcli'
[0.290s] Level 1:colcon.colcon_core.package_identification:_identify(/home/traskos/ws_examples/install/../src/holo_swarm) by extensions ['ignore', 'ignore_ament_install']
[0.290s] Level 1:colcon.colcon_core.package_identification:_identify(/home/traskos/ws_examples/install/../src/holo_swarm) by extension 'ignore'
[0.291s] Level 1:colcon.colcon_core.package_identification:_identify(/home/traskos/ws_examples/install/../src/holo_swarm) by extension 'ignore_ament_install'
[0.291s] Level 1:colcon.colcon_core.package_identification:_identify(/home/traskos/ws_examples/install/../src/holo_swarm) by extensions ['colcon_pkg']
[0.291s] Level 1:colcon.colcon_core.package_identification:_identify(/home/traskos/ws_examples/install/../src/holo_swarm) by extension 'colcon_pkg'
[0.291s] Level 1:colcon.colcon_core.package_identification:_identify(/home/traskos/ws_examples/install/../src/holo_swarm) by extensions ['colcon_meta']
[0.291s] Level 1:colcon.colcon_core.package_identification:_identify(/home/traskos/ws_examples/install/../src/holo_swarm) by extension 'colcon_meta'
[0.291s] Level 1:colcon.colcon_core.package_identification:_identify(/home/traskos/ws_examples/install/../src/holo_swarm) by extensions ['ros']
[0.291s] Level 1:colcon.colcon_core.package_identification:_identify(/home/traskos/ws_examples/install/../src/holo_swarm) by extension 'ros'
[0.292s] DEBUG:colcon.colcon_core.package_identification:Package '/home/traskos/ws_examples/install/../src/holo_swarm' with type 'ros.ament_cmake' and name 'holo_swarm'
[0.292s] Level 1:colcon.colcon_core.package_identification:_identify(/home/traskos/ws_examples/install/../src/log) by extensions ['ignore', 'ignore_ament_install']
[0.292s] Level 1:colcon.colcon_core.package_identification:_identify(/home/traskos/ws_examples/install/../src/log) by extension 'ignore'
[0.292s] Level 1:colcon.colcon_core.package_identification:_identify(/home/traskos/ws_examples/install/../src/log) ignored
[0.292s] Level 1:colcon.colcon_core.package_identification:_identify(/home/traskos/ws_examples/install/../src/mrs_uav_trajectory_loader) by extensions ['ignore', 'ignore_ament_install']
[0.292s] Level 1:colcon.colcon_core.package_identification:_identify(/home/traskos/ws_examples/install/../src/mrs_uav_trajectory_loader) by extension 'ignore'
[0.292s] Level 1:colcon.colcon_core.package_identification:_identify(/home/traskos/ws_examples/install/../src/mrs_uav_trajectory_loader) by extension 'ignore_ament_install'
[0.292s] Level 1:colcon.colcon_core.package_identification:_identify(/home/traskos/ws_examples/install/../src/mrs_uav_trajectory_loader) by extensions ['colcon_pkg']
[0.292s] Level 1:colcon.colcon_core.package_identification:_identify(/home/traskos/ws_examples/install/../src/mrs_uav_trajectory_loader) by extension 'colcon_pkg'
[0.292s] Level 1:colcon.colcon_core.package_identification:_identify(/home/traskos/ws_examples/install/../src/mrs_uav_trajectory_loader) by extensions ['colcon_meta']
[0.292s] Level 1:colcon.colcon_core.package_identification:_identify(/home/traskos/ws_examples/install/../src/mrs_uav_trajectory_loader) by extension 'colcon_meta'
[0.292s] Level 1:colcon.colcon_core.package_identification:_identify(/home/traskos/ws_examples/install/../src/mrs_uav_trajectory_loader) by extensions ['ros']
[0.292s] Level 1:colcon.colcon_core.package_identification:_identify(/home/traskos/ws_examples/install/../src/mrs_uav_trajectory_loader) by extension 'ros'
[0.293s] DEBUG:colcon.colcon_core.package_identification:Package '/home/traskos/ws_examples/install/../src/mrs_uav_trajectory_loader' with type 'ros.ament_cmake' and name 'mrs_uav_trajectory_loader'
[0.293s] Level 1:colcon.colcon_core.package_identification:_identify(/home/traskos/ws_examples/install/../src/myc_messages) by extensions ['ignore', 'ignore_ament_install']
[0.293s] Level 1:colcon.colcon_core.package_identification:_identify(/home/traskos/ws_examples/install/../src/myc_messages) by extension 'ignore'
[0.293s] Level 1:colcon.colcon_core.package_identification:_identify(/home/traskos/ws_examples/install/../src/myc_messages) by extension 'ignore_ament_install'
[0.293s] Level 1:colcon.colcon_core.package_identification:_identify(/home/traskos/ws_examples/install/../src/myc_messages) by extensions ['colcon_pkg']
[0.293s] Level 1:colcon.colcon_core.package_identification:_identify(/home/traskos/ws_examples/install/../src/myc_messages) by extension 'colcon_pkg'
[0.293s] Level 1:colcon.colcon_core.package_identification:_identify(/home/traskos/ws_examples/install/../src/myc_messages) by extensions ['colcon_meta']
[0.293s] Level 1:colcon.colcon_core.package_identification:_identify(/home/traskos/ws_examples/install/../src/myc_messages) by extension 'colcon_meta'
[0.293s] Level 1:colcon.colcon_core.package_identification:_identify(/home/traskos/ws_examples/install/../src/myc_messages) by extensions ['ros']
[0.294s] Level 1:colcon.colcon_core.package_identification:_identify(/home/traskos/ws_examples/install/../src/myc_messages) by extension 'ros'
[0.294s] DEBUG:colcon.colcon_core.package_identification:Package '/home/traskos/ws_examples/install/../src/myc_messages' with type 'ros.ament_cmake' and name 'myc_messages'
[0.294s] Level 1:colcon.colcon_core.package_identification:_identify(/home/traskos/ws_examples/install/../src/ros2_examples) by extensions ['ignore', 'ignore_ament_install']
[0.294s] Level 1:colcon.colcon_core.package_identification:_identify(/home/traskos/ws_examples/install/../src/ros2_examples) by extension 'ignore'
[0.295s] Level 1:colcon.colcon_core.package_identification:_identify(/home/traskos/ws_examples/install/../src/ros2_examples) by extension 'ignore_ament_install'
[0.295s] Level 1:colcon.colcon_core.package_identification:_identify(/home/traskos/ws_examples/install/../src/ros2_examples) by extensions ['colcon_pkg']
[0.295s] Level 1:colcon.colcon_core.package_identification:_identify(/home/traskos/ws_examples/install/../src/ros2_examples) by extension 'colcon_pkg'
[0.295s] Level 1:colcon.colcon_core.package_identification:_identify(/home/traskos/ws_examples/install/../src/ros2_examples) by extensions ['colcon_meta']
[0.295s] Level 1:colcon.colcon_core.package_identification:_identify(/home/traskos/ws_examples/install/../src/ros2_examples) by extension 'colcon_meta'
[0.295s] Level 1:colcon.colcon_core.package_identification:_identify(/home/traskos/ws_examples/install/../src/ros2_examples) by extensions ['ros']
[0.295s] Level 1:colcon.colcon_core.package_identification:_identify(/home/traskos/ws_examples/install/../src/ros2_examples) by extension 'ros'
[0.295s] Level 1:colcon.colcon_core.package_identification:_identify(/home/traskos/ws_examples/install/../src/ros2_examples) by extensions ['cmake', 'python']
[0.295s] Level 1:colcon.colcon_core.package_identification:_identify(/home/traskos/ws_examples/install/../src/ros2_examples) by extension 'cmake'
[0.295s] Level 1:colcon.colcon_core.package_identification:_identify(/home/traskos/ws_examples/install/../src/ros2_examples) by extension 'python'
[0.295s] Level 1:colcon.colcon_core.package_identification:_identify(/home/traskos/ws_examples/install/../src/ros2_examples) by extensions ['python_setup_py']
[0.295s] Level 1:colcon.colcon_core.package_identification:_identify(/home/traskos/ws_examples/install/../src/ros2_examples) by extension 'python_setup_py'
[0.295s] Level 1:colcon.colcon_core.package_identification:_identify(/home/traskos/ws_examples/install/../src/ros2_examples/extended_examples) by extensions ['ignore', 'ignore_ament_install']
[0.295s] Level 1:colcon.colcon_core.package_identification:_identify(/home/traskos/ws_examples/install/../src/ros2_examples/extended_examples) by extension 'ignore'
[0.295s] Level 1:colcon.colcon_core.package_identification:_identify(/home/traskos/ws_examples/install/../src/ros2_examples/extended_examples) by extension 'ignore_ament_install'
[0.295s] Level 1:colcon.colcon_core.package_identification:_identify(/home/traskos/ws_examples/install/../src/ros2_examples/extended_examples) by extensions ['colcon_pkg']
[0.295s] Level 1:colcon.colcon_core.package_identification:_identify(/home/traskos/ws_examples/install/../src/ros2_examples/extended_examples) by extension 'colcon_pkg'
[0.295s] Level 1:colcon.colcon_core.package_identification:_identify(/home/traskos/ws_examples/install/../src/ros2_examples/extended_examples) by extensions ['colcon_meta']
[0.295s] Level 1:colcon.colcon_core.package_identification:_identify(/home/traskos/ws_examples/install/../src/ros2_examples/extended_examples) by extension 'colcon_meta'
[0.295s] Level 1:colcon.colcon_core.package_identification:_identify(/home/traskos/ws_examples/install/../src/ros2_examples/extended_examples) by extensions ['ros']
[0.295s] Level 1:colcon.colcon_core.package_identification:_identify(/home/traskos/ws_examples/install/../src/ros2_examples/extended_examples) by extension 'ros'
[0.295s] Level 1:colcon.colcon_core.package_identification:_identify(/home/traskos/ws_examples/install/../src/ros2_examples/extended_examples) by extensions ['cmake', 'python']
[0.295s] Level 1:colcon.colcon_core.package_identification:_identify(/home/traskos/ws_examples/install/../src/ros2_examples/extended_examples) by extension 'cmake'
[0.295s] Level 1:colcon.colcon_core.package_identification:_identify(/home/traskos/ws_examples/install/../src/ros2_examples/extended_examples) by extension 'python'
[0.296s] Level 1:colcon.colcon_core.package_identification:_identify(/home/traskos/ws_examples/install/../src/ros2_examples/extended_examples) by extensions ['python_setup_py']
[0.296s] Level 1:colcon.colcon_core.package_identification:_identify(/home/traskos/ws_examples/install/../src/ros2_examples/extended_examples) by extension 'python_setup_py'
[0.296s] Level 1:colcon.colcon_core.package_identification:_identify(/home/traskos/ws_examples/install/../src/ros2_examples/extended_examples/pluginlib_example) by extensions ['ignore', 'ignore_ament_install']
[0.296s] Level 1:colcon.colcon_core.package_identification:_identify(/home/traskos/ws_examples/install/../src/ros2_examples/extended_examples/pluginlib_example) by extension 'ignore'
[0.296s] Level 1:colcon.colcon_core.package_identification:_identify(/home/traskos/ws_examples/install/../src/ros2_examples/extended_examples/pluginlib_example) by extension 'ignore_ament_install'
[0.296s] Level 1:colcon.colcon_core.package_identification:_identify(/home/traskos/ws_examples/install/../src/ros2_examples/extended_examples/pluginlib_example) by extensions ['colcon_pkg']
[0.296s] Level 1:colcon.colcon_core.package_identification:_identify(/home/traskos/ws_examples/install/../src/ros2_examples/extended_examples/pluginlib_example) by extension 'colcon_pkg'
[0.296s] Level 1:colcon.colcon_core.package_identification:_identify(/home/traskos/ws_examples/install/../src/ros2_examples/extended_examples/pluginlib_example) by extensions ['colcon_meta']
[0.296s] Level 1:colcon.colcon_core.package_identification:_identify(/home/traskos/ws_examples/install/../src/ros2_examples/extended_examples/pluginlib_example) by extension 'colcon_meta'
[0.296s] Level 1:colcon.colcon_core.package_identification:_identify(/home/traskos/ws_examples/install/../src/ros2_examples/extended_examples/pluginlib_example) by extensions ['ros']
[0.296s] Level 1:colcon.colcon_core.package_identification:_identify(/home/traskos/ws_examples/install/../src/ros2_examples/extended_examples/pluginlib_example) by extension 'ros'
[0.296s] Level 1:colcon.colcon_core.package_identification:_identify(/home/traskos/ws_examples/install/../src/ros2_examples/extended_examples/pluginlib_example) by extensions ['cmake', 'python']
[0.296s] Level 1:colcon.colcon_core.package_identification:_identify(/home/traskos/ws_examples/install/../src/ros2_examples/extended_examples/pluginlib_example) by extension 'cmake'
[0.296s] Level 1:colcon.colcon_core.package_identification:_identify(/home/traskos/ws_examples/install/../src/ros2_examples/extended_examples/pluginlib_example) by extension 'python'
[0.296s] Level 1:colcon.colcon_core.package_identification:_identify(/home/traskos/ws_examples/install/../src/ros2_examples/extended_examples/pluginlib_example) by extensions ['python_setup_py']
[0.296s] Level 1:colcon.colcon_core.package_identification:_identify(/home/traskos/ws_examples/install/../src/ros2_examples/extended_examples/pluginlib_example) by extension 'python_setup_py'
[0.296s] Level 1:colcon.colcon_core.package_identification:_identify(/home/traskos/ws_examples/install/../src/ros2_examples/extended_examples/pluginlib_example/example_plugin_manager) by extensions ['ignore', 'ignore_ament_install']
[0.296s] Level 1:colcon.colcon_core.package_identification:_identify(/home/traskos/ws_examples/install/../src/ros2_examples/extended_examples/pluginlib_example/example_plugin_manager) by extension 'ignore'
[0.296s] Level 1:colcon.colcon_core.package_identification:_identify(/home/traskos/ws_examples/install/../src/ros2_examples/extended_examples/pluginlib_example/example_plugin_manager) by extension 'ignore_ament_install'
[0.296s] Level 1:colcon.colcon_core.package_identification:_identify(/home/traskos/ws_examples/install/../src/ros2_examples/extended_examples/pluginlib_example/example_plugin_manager) by extensions ['colcon_pkg']
[0.296s] Level 1:colcon.colcon_core.package_identification:_identify(/home/traskos/ws_examples/install/../src/ros2_examples/extended_examples/pluginlib_example/example_plugin_manager) by extension 'colcon_pkg'
[0.296s] Level 1:colcon.colcon_core.package_identification:_identify(/home/traskos/ws_examples/install/../src/ros2_examples/extended_examples/pluginlib_example/example_plugin_manager) by extensions ['colcon_meta']
[0.296s] Level 1:colcon.colcon_core.package_identification:_identify(/home/traskos/ws_examples/install/../src/ros2_examples/extended_examples/pluginlib_example/example_plugin_manager) by extension 'colcon_meta'
[0.297s] Level 1:colcon.colcon_core.package_identification:_identify(/home/traskos/ws_examples/install/../src/ros2_examples/extended_examples/pluginlib_example/example_plugin_manager) by extensions ['ros']
[0.297s] Level 1:colcon.colcon_core.package_identification:_identify(/home/traskos/ws_examples/install/../src/ros2_examples/extended_examples/pluginlib_example/example_plugin_manager) by extension 'ros'
[0.297s] DEBUG:colcon.colcon_core.package_identification:Package '/home/traskos/ws_examples/install/../src/ros2_examples/extended_examples/pluginlib_example/example_plugin_manager' with type 'ros.ament_cmake' and name 'example_plugin_manager'
[0.298s] Level 1:colcon.colcon_core.package_identification:_identify(/home/traskos/ws_examples/install/../src/ros2_examples/extended_examples/pluginlib_example/example_plugins) by extensions ['ignore', 'ignore_ament_install']
[0.298s] Level 1:colcon.colcon_core.package_identification:_identify(/home/traskos/ws_examples/install/../src/ros2_examples/extended_examples/pluginlib_example/example_plugins) by extension 'ignore'
[0.298s] Level 1:colcon.colcon_core.package_identification:_identify(/home/traskos/ws_examples/install/../src/ros2_examples/extended_examples/pluginlib_example/example_plugins) by extension 'ignore_ament_install'
[0.298s] Level 1:colcon.colcon_core.package_identification:_identify(/home/traskos/ws_examples/install/../src/ros2_examples/extended_examples/pluginlib_example/example_plugins) by extensions ['colcon_pkg']
[0.298s] Level 1:colcon.colcon_core.package_identification:_identify(/home/traskos/ws_examples/install/../src/ros2_examples/extended_examples/pluginlib_example/example_plugins) by extension 'colcon_pkg'
[0.298s] Level 1:colcon.colcon_core.package_identification:_identify(/home/traskos/ws_examples/install/../src/ros2_examples/extended_examples/pluginlib_example/example_plugins) by extensions ['colcon_meta']
[0.298s] Level 1:colcon.colcon_core.package_identification:_identify(/home/traskos/ws_examples/install/../src/ros2_examples/extended_examples/pluginlib_example/example_plugins) by extension 'colcon_meta'
[0.298s] Level 1:colcon.colcon_core.package_identification:_identify(/home/traskos/ws_examples/install/../src/ros2_examples/extended_examples/pluginlib_example/example_plugins) by extensions ['ros']
[0.298s] Level 1:colcon.colcon_core.package_identification:_identify(/home/traskos/ws_examples/install/../src/ros2_examples/extended_examples/pluginlib_example/example_plugins) by extension 'ros'
[0.299s] DEBUG:colcon.colcon_core.package_identification:Package '/home/traskos/ws_examples/install/../src/ros2_examples/extended_examples/pluginlib_example/example_plugins' with type 'ros.ament_cmake' and name 'example_plugins'
[0.299s] Level 1:colcon.colcon_core.package_identification:_identify(/home/traskos/ws_examples/install/../src/ros2_examples/extended_examples/vision_examples) by extensions ['ignore', 'ignore_ament_install']
[0.299s] Level 1:colcon.colcon_core.package_identification:_identify(/home/traskos/ws_examples/install/../src/ros2_examples/extended_examples/vision_examples) by extension 'ignore'
[0.299s] Level 1:colcon.colcon_core.package_identification:_identify(/home/traskos/ws_examples/install/../src/ros2_examples/extended_examples/vision_examples) by extension 'ignore_ament_install'
[0.299s] Level 1:colcon.colcon_core.package_identification:_identify(/home/traskos/ws_examples/install/../src/ros2_examples/extended_examples/vision_examples) by extensions ['colcon_pkg']
[0.299s] Level 1:colcon.colcon_core.package_identification:_identify(/home/traskos/ws_examples/install/../src/ros2_examples/extended_examples/vision_examples) by extension 'colcon_pkg'
[0.299s] Level 1:colcon.colcon_core.package_identification:_identify(/home/traskos/ws_examples/install/../src/ros2_examples/extended_examples/vision_examples) by extensions ['colcon_meta']
[0.299s] Level 1:colcon.colcon_core.package_identification:_identify(/home/traskos/ws_examples/install/../src/ros2_examples/extended_examples/vision_examples) by extension 'colcon_meta'
[0.299s] Level 1:colcon.colcon_core.package_identification:_identify(/home/traskos/ws_examples/install/../src/ros2_examples/extended_examples/vision_examples) by extensions ['ros']
[0.299s] Level 1:colcon.colcon_core.package_identification:_identify(/home/traskos/ws_examples/install/../src/ros2_examples/extended_examples/vision_examples) by extension 'ros'
[0.300s] Level 1:colcon.colcon_core.package_identification:_identify(/home/traskos/ws_examples/install/../src/ros2_examples/extended_examples/vision_examples) by extensions ['cmake', 'python']
[0.300s] Level 1:colcon.colcon_core.package_identification:_identify(/home/traskos/ws_examples/install/../src/ros2_examples/extended_examples/vision_examples) by extension 'cmake'
[0.300s] Level 1:colcon.colcon_core.package_identification:_identify(/home/traskos/ws_examples/install/../src/ros2_examples/extended_examples/vision_examples) by extension 'python'
[0.300s] Level 1:colcon.colcon_core.package_identification:_identify(/home/traskos/ws_examples/install/../src/ros2_examples/extended_examples/vision_examples) by extensions ['python_setup_py']
[0.300s] Level 1:colcon.colcon_core.package_identification:_identify(/home/traskos/ws_examples/install/../src/ros2_examples/extended_examples/vision_examples) by extension 'python_setup_py'
[0.300s] Level 1:colcon.colcon_core.package_identification:_identify(/home/traskos/ws_examples/install/../src/ros2_examples/extended_examples/vision_examples/example_image_transport) by extensions ['ignore', 'ignore_ament_install']
[0.300s] Level 1:colcon.colcon_core.package_identification:_identify(/home/traskos/ws_examples/install/../src/ros2_examples/extended_examples/vision_examples/example_image_transport) by extension 'ignore'
[0.300s] Level 1:colcon.colcon_core.package_identification:_identify(/home/traskos/ws_examples/install/../src/ros2_examples/extended_examples/vision_examples/example_image_transport) ignored
[0.300s] Level 1:colcon.colcon_core.package_identification:_identify(/home/traskos/ws_examples/install/../src/ros2_examples/extended_examples/vision_examples/vision_examples_utils) by extensions ['ignore', 'ignore_ament_install']
[0.300s] Level 1:colcon.colcon_core.package_identification:_identify(/home/traskos/ws_examples/install/../src/ros2_examples/extended_examples/vision_examples/vision_examples_utils) by extension 'ignore'
[0.300s] Level 1:colcon.colcon_core.package_identification:_identify(/home/traskos/ws_examples/install/../src/ros2_examples/extended_examples/vision_examples/vision_examples_utils) ignored
[0.300s] Level 1:colcon.colcon_core.package_identification:_identify(/home/traskos/ws_examples/install/../src/ros2_examples/extended_examples/waypoint_flier) by extensions ['ignore', 'ignore_ament_install']
[0.300s] Level 1:colcon.colcon_core.package_identification:_identify(/home/traskos/ws_examples/install/../src/ros2_examples/extended_examples/waypoint_flier) by extension 'ignore'
[0.300s] Level 1:colcon.colcon_core.package_identification:_identify(/home/traskos/ws_examples/install/../src/ros2_examples/extended_examples/waypoint_flier) by extension 'ignore_ament_install'
[0.300s] Level 1:colcon.colcon_core.package_identification:_identify(/home/traskos/ws_examples/install/../src/ros2_examples/extended_examples/waypoint_flier) by extensions ['colcon_pkg']
[0.300s] Level 1:colcon.colcon_core.package_identification:_identify(/home/traskos/ws_examples/install/../src/ros2_examples/extended_examples/waypoint_flier) by extension 'colcon_pkg'
[0.300s] Level 1:colcon.colcon_core.package_identification:_identify(/home/traskos/ws_examples/install/../src/ros2_examples/extended_examples/waypoint_flier) by extensions ['colcon_meta']
[0.300s] Level 1:colcon.colcon_core.package_identification:_identify(/home/traskos/ws_examples/install/../src/ros2_examples/extended_examples/waypoint_flier) by extension 'colcon_meta'
[0.300s] Level 1:colcon.colcon_core.package_identification:_identify(/home/traskos/ws_examples/install/../src/ros2_examples/extended_examples/waypoint_flier) by extensions ['ros']
[0.300s] Level 1:colcon.colcon_core.package_identification:_identify(/home/traskos/ws_examples/install/../src/ros2_examples/extended_examples/waypoint_flier) by extension 'ros'
[0.301s] DEBUG:colcon.colcon_core.package_identification:Package '/home/traskos/ws_examples/install/../src/ros2_examples/extended_examples/waypoint_flier' with type 'ros.ament_cmake' and name 'example_waypoint_flier'
[0.302s] Level 1:colcon.colcon_core.package_identification:_identify(/home/traskos/ws_examples/install/../src/ros2_examples/extended_examples/waypoint_flier_simple) by extensions ['ignore', 'ignore_ament_install']
[0.302s] Level 1:colcon.colcon_core.package_identification:_identify(/home/traskos/ws_examples/install/../src/ros2_examples/extended_examples/waypoint_flier_simple) by extension 'ignore'
[0.302s] Level 1:colcon.colcon_core.package_identification:_identify(/home/traskos/ws_examples/install/../src/ros2_examples/extended_examples/waypoint_flier_simple) by extension 'ignore_ament_install'
[0.302s] Level 1:colcon.colcon_core.package_identification:_identify(/home/traskos/ws_examples/install/../src/ros2_examples/extended_examples/waypoint_flier_simple) by extensions ['colcon_pkg']
[0.302s] Level 1:colcon.colcon_core.package_identification:_identify(/home/traskos/ws_examples/install/../src/ros2_examples/extended_examples/waypoint_flier_simple) by extension 'colcon_pkg'
[0.302s] Level 1:colcon.colcon_core.package_identification:_identify(/home/traskos/ws_examples/install/../src/ros2_examples/extended_examples/waypoint_flier_simple) by extensions ['colcon_meta']
[0.302s] Level 1:colcon.colcon_core.package_identification:_identify(/home/traskos/ws_examples/install/../src/ros2_examples/extended_examples/waypoint_flier_simple) by extension 'colcon_meta'
[0.302s] Level 1:colcon.colcon_core.package_identification:_identify(/home/traskos/ws_examples/install/../src/ros2_examples/extended_examples/waypoint_flier_simple) by extensions ['ros']
[0.302s] Level 1:colcon.colcon_core.package_identification:_identify(/home/traskos/ws_examples/install/../src/ros2_examples/extended_examples/waypoint_flier_simple) by extension 'ros'
[0.303s] DEBUG:colcon.colcon_core.package_identification:Package '/home/traskos/ws_examples/install/../src/ros2_examples/extended_examples/waypoint_flier_simple' with type 'ros.ament_cmake' and name 'example_waypoint_flier_simple'
[0.303s] Level 1:colcon.colcon_core.package_identification:_identify(/home/traskos/ws_examples/install/../src/ros2_examples/ros2_examples) by extensions ['ignore', 'ignore_ament_install']
[0.303s] Level 1:colcon.colcon_core.package_identification:_identify(/home/traskos/ws_examples/install/../src/ros2_examples/ros2_examples) by extension 'ignore'
[0.303s] Level 1:colcon.colcon_core.package_identification:_identify(/home/traskos/ws_examples/install/../src/ros2_examples/ros2_examples) by extension 'ignore_ament_install'
[0.303s] Level 1:colcon.colcon_core.package_identification:_identify(/home/traskos/ws_examples/install/../src/ros2_examples/ros2_examples) by extensions ['colcon_pkg']
[0.303s] Level 1:colcon.colcon_core.package_identification:_identify(/home/traskos/ws_examples/install/../src/ros2_examples/ros2_examples) by extension 'colcon_pkg'
[0.303s] Level 1:colcon.colcon_core.package_identification:_identify(/home/traskos/ws_examples/install/../src/ros2_examples/ros2_examples) by extensions ['colcon_meta']
[0.303s] Level 1:colcon.colcon_core.package_identification:_identify(/home/traskos/ws_examples/install/../src/ros2_examples/ros2_examples) by extension 'colcon_meta'
[0.303s] Level 1:colcon.colcon_core.package_identification:_identify(/home/traskos/ws_examples/install/../src/ros2_examples/ros2_examples) by extensions ['ros']
[0.303s] Level 1:colcon.colcon_core.package_identification:_identify(/home/traskos/ws_examples/install/../src/ros2_examples/ros2_examples) by extension 'ros'
[0.305s] DEBUG:colcon.colcon_core.package_identification:Package '/home/traskos/ws_examples/install/../src/ros2_examples/ros2_examples' with type 'ros.ament_cmake' and name 'ros2_examples'
[0.305s] Level 1:colcon.colcon_core.package_identification:_identify(/home/traskos/ws_examples/install/../src/ros2_examples/ros2_lib) by extensions ['ignore', 'ignore_ament_install']
[0.305s] Level 1:colcon.colcon_core.package_identification:_identify(/home/traskos/ws_examples/install/../src/ros2_examples/ros2_lib) by extension 'ignore'
[0.305s] Level 1:colcon.colcon_core.package_identification:_identify(/home/traskos/ws_examples/install/../src/ros2_examples/ros2_lib) by extension 'ignore_ament_install'
[0.305s] Level 1:colcon.colcon_core.package_identification:_identify(/home/traskos/ws_examples/install/../src/ros2_examples/ros2_lib) by extensions ['colcon_pkg']
[0.305s] Level 1:colcon.colcon_core.package_identification:_identify(/home/traskos/ws_examples/install/../src/ros2_examples/ros2_lib) by extension 'colcon_pkg'
[0.305s] Level 1:colcon.colcon_core.package_identification:_identify(/home/traskos/ws_examples/install/../src/ros2_examples/ros2_lib) by extensions ['colcon_meta']
[0.305s] Level 1:colcon.colcon_core.package_identification:_identify(/home/traskos/ws_examples/install/../src/ros2_examples/ros2_lib) by extension 'colcon_meta'
[0.305s] Level 1:colcon.colcon_core.package_identification:_identify(/home/traskos/ws_examples/install/../src/ros2_examples/ros2_lib) by extensions ['ros']
[0.305s] Level 1:colcon.colcon_core.package_identification:_identify(/home/traskos/ws_examples/install/../src/ros2_examples/ros2_lib) by extension 'ros'
[0.306s] DEBUG:colcon.colcon_core.package_identification:Package '/home/traskos/ws_examples/install/../src/ros2_examples/ros2_lib' with type 'ros.ament_cmake' and name 'ros2_lib'
[0.306s] Level 1:colcon.colcon_core.package_identification:_identify(/home/traskos/ws_examples/install/../src/ros2_examples/sub_pub_torture_test) by extensions ['ignore', 'ignore_ament_install']
[0.306s] Level 1:colcon.colcon_core.package_identification:_identify(/home/traskos/ws_examples/install/../src/ros2_examples/sub_pub_torture_test) by extension 'ignore'
[0.306s] Level 1:colcon.colcon_core.package_identification:_identify(/home/traskos/ws_examples/install/../src/ros2_examples/sub_pub_torture_test) by extension 'ignore_ament_install'
[0.306s] Level 1:colcon.colcon_core.package_identification:_identify(/home/traskos/ws_examples/install/../src/ros2_examples/sub_pub_torture_test) by extensions ['colcon_pkg']
[0.306s] Level 1:colcon.colcon_core.package_identification:_identify(/home/traskos/ws_examples/install/../src/ros2_examples/sub_pub_torture_test) by extension 'colcon_pkg'
[0.306s] Level 1:colcon.colcon_core.package_identification:_identify(/home/traskos/ws_examples/install/../src/ros2_examples/sub_pub_torture_test) by extensions ['colcon_meta']
[0.306s] Level 1:colcon.colcon_core.package_identification:_identify(/home/traskos/ws_examples/install/../src/ros2_examples/sub_pub_torture_test) by extension 'colcon_meta'
[0.306s] Level 1:colcon.colcon_core.package_identification:_identify(/home/traskos/ws_examples/install/../src/ros2_examples/sub_pub_torture_test) by extensions ['ros']
[0.306s] Level 1:colcon.colcon_core.package_identification:_identify(/home/traskos/ws_examples/install/../src/ros2_examples/sub_pub_torture_test) by extension 'ros'
[0.307s] DEBUG:colcon.colcon_core.package_identification:Package '/home/traskos/ws_examples/install/../src/ros2_examples/sub_pub_torture_test' with type 'ros.ament_cmake' and name 'sub_pub_torture_test'
[0.307s] Level 1:colcon.colcon_core.package_identification:_identify(/home/traskos/ws_examples/install/../src/rosBasicsExamples) by extensions ['ignore', 'ignore_ament_install']
[0.307s] Level 1:colcon.colcon_core.package_identification:_identify(/home/traskos/ws_examples/install/../src/rosBasicsExamples) by extension 'ignore'
[0.307s] Level 1:colcon.colcon_core.package_identification:_identify(/home/traskos/ws_examples/install/../src/rosBasicsExamples) ignored
[0.308s] Level 1:colcon.colcon_core.package_identification:_identify(/home/traskos/ws_examples/install/../src/swarm_controllers) by extensions ['ignore', 'ignore_ament_install']
[0.308s] Level 1:colcon.colcon_core.package_identification:_identify(/home/traskos/ws_examples/install/../src/swarm_controllers) by extension 'ignore'
[0.308s] Level 1:colcon.colcon_core.package_identification:_identify(/home/traskos/ws_examples/install/../src/swarm_controllers) by extension 'ignore_ament_install'
[0.308s] Level 1:colcon.colcon_core.package_identification:_identify(/home/traskos/ws_examples/install/../src/swarm_controllers) by extensions ['colcon_pkg']
[0.308s] Level 1:colcon.colcon_core.package_identification:_identify(/home/traskos/ws_examples/install/../src/swarm_controllers) by extension 'colcon_pkg'
[0.308s] Level 1:colcon.colcon_core.package_identification:_identify(/home/traskos/ws_examples/install/../src/swarm_controllers) by extensions ['colcon_meta']
[0.308s] Level 1:colcon.colcon_core.package_identification:_identify(/home/traskos/ws_examples/install/../src/swarm_controllers) by extension 'colcon_meta'
[0.308s] Level 1:colcon.colcon_core.package_identification:_identify(/home/traskos/ws_examples/install/../src/swarm_controllers) by extensions ['ros']
[0.308s] Level 1:colcon.colcon_core.package_identification:_identify(/home/traskos/ws_examples/install/../src/swarm_controllers) by extension 'ros'
[0.309s] DEBUG:colcon.colcon_core.package_identification:Package '/home/traskos/ws_examples/install/../src/swarm_controllers' with type 'ros.ament_cmake' and name 'swarm_controllers'
[0.309s] Level 1:colcon.colcon_core.package_identification:_identify(/home/traskos/ws_examples/install/../src/test_package) by extensions ['ignore', 'ignore_ament_install']
[0.309s] Level 1:colcon.colcon_core.package_identification:_identify(/home/traskos/ws_examples/install/../src/test_package) by extension 'ignore'
[0.309s] Level 1:colcon.colcon_core.package_identification:_identify(/home/traskos/ws_examples/install/../src/test_package) by extension 'ignore_ament_install'
[0.309s] Level 1:colcon.colcon_core.package_identification:_identify(/home/traskos/ws_examples/install/../src/test_package) by extensions ['colcon_pkg']
[0.309s] Level 1:colcon.colcon_core.package_identification:_identify(/home/traskos/ws_examples/install/../src/test_package) by extension 'colcon_pkg'
[0.309s] Level 1:colcon.colcon_core.package_identification:_identify(/home/traskos/ws_examples/install/../src/test_package) by extensions ['colcon_meta']
[0.309s] Level 1:colcon.colcon_core.package_identification:_identify(/home/traskos/ws_examples/install/../src/test_package) by extension 'colcon_meta'
[0.309s] Level 1:colcon.colcon_core.package_identification:_identify(/home/traskos/ws_examples/install/../src/test_package) by extensions ['ros']
[0.309s] Level 1:colcon.colcon_core.package_identification:_identify(/home/traskos/ws_examples/install/../src/test_package) by extension 'ros'
[0.310s] DEBUG:colcon.colcon_core.package_identification:Package '/home/traskos/ws_examples/install/../src/test_package' with type 'ros.ament_cmake' and name 'test_package'
[0.310s] Level 1:colcon.colcon_core.package_identification:_identify(/home/traskos/ws_examples/install/../src/waypoint_follower) by extensions ['ignore', 'ignore_ament_install']
[0.310s] Level 1:colcon.colcon_core.package_identification:_identify(/home/traskos/ws_examples/install/../src/waypoint_follower) by extension 'ignore'
[0.310s] Level 1:colcon.colcon_core.package_identification:_identify(/home/traskos/ws_examples/install/../src/waypoint_follower) by extension 'ignore_ament_install'
[0.310s] Level 1:colcon.colcon_core.package_identification:_identify(/home/traskos/ws_examples/install/../src/waypoint_follower) by extensions ['colcon_pkg']
[0.310s] Level 1:colcon.colcon_core.package_identification:_identify(/home/traskos/ws_examples/install/../src/waypoint_follower) by extension 'colcon_pkg'
[0.311s] Level 1:colcon.colcon_core.package_identification:_identify(/home/traskos/ws_examples/install/../src/waypoint_follower) by extensions ['colcon_meta']
[0.311s] Level 1:colcon.colcon_core.package_identification:_identify(/home/traskos/ws_examples/install/../src/waypoint_follower) by extension 'colcon_meta'
[0.311s] Level 1:colcon.colcon_core.package_identification:_identify(/home/traskos/ws_examples/install/../src/waypoint_follower) by extensions ['ros']
[0.311s] Level 1:colcon.colcon_core.package_identification:_identify(/home/traskos/ws_examples/install/../src/waypoint_follower) by extension 'ros'
[0.311s] DEBUG:colcon.colcon_core.package_identification:Package '/home/traskos/ws_examples/install/../src/waypoint_follower' with type 'ros.ament_cmake' and name 'waypoint_follower'
[0.311s] Level 1:colcon.colcon_core.package_discovery:discover_packages(recursive) using defaults
